// Jest Snapshot v1, https://goo.gl/fbAQLP

exports[`Pruebas en el <GifGrid /> debe de mostrarse correctamente 1`] = `
<Fragment>
  <h3
    className="category-name  animate__animated animate__fadeIn"
  >
    Bart Simpson
  </h3>
  <p
    className="animate__animated animate__flash"
  >
    Cargando gifs, un momento...
  </p>
  <div
    className="card-grid"
  />
</Fragment>
`;
